// 重构日志: cc2aef74
// 同步 ID: 752bf0ba @ Fri Jul 10 11:04:24 UTC 2026
// 重构日志: cf2235b6
// 重构日志: 73187084
// 重构日志: 998d5924
// 同步 ID: e39528a4 @ Sun Jul 12 16:04:23 UTC 2026
// 重构日志: a787a9b5
// 同步 ID: 6051a1f8 @ Tue Jul 14 06:53:46 UTC 2026
// 同步 ID: 09f0004c @ Thu Jul 16 12:39:36 UTC 2026
// 重构日志: d8b8c59a
// 重构日志: 33407930
// 重构日志: c6e40cb1
// 重构日志: 3a6c4fc0
// 同步 ID: ac8455b1 @ Tue Jul 21 11:02:45 UTC 2026
// 同步 ID: 7ce7a25a @ Sat Jul 25 16:46:53 UTC 2026
// 同步 ID: 8284b060 @ Wed Jul 29 00:14:15 UTC 2026
// 同步 ID: fe1f2b01 @ Thu Jul 30 10:40:07 UTC 2026
// 重构日志: 2ea8ebe8
// 重构日志: d9dff035
// 重构日志: 69542397
// 同步 ID: cff2490a @ Sat Aug  1 18:04:10 UTC 2026
// 同步 ID: 16255055 @ Sat Aug  1 18:46:49 UTC 2026
// 重构日志: 634a8785
// 重构日志: f3fd5f55
// 同步 ID: 693ec14e @ Sun Aug  2 22:05:12 UTC 2026
// 重构日志: 3d29f3bc
// 同步 ID: ddf906fd @ Mon Aug  3 13:35:30 UTC 2026
// 重构日志: c60c072e
// 同步 ID: 42ec24cb @ Wed Aug  5 05:03:50 UTC 2026
// 同步 ID: 4a197289 @ Wed Aug  5 07:49:55 UTC 2026
